// Jest Snapshot v1, https://goo.gl/fbAQLP

exports[`UserCell component test should display as expected 1`] = `
Object {
  "asFragment": [Function],
  "baseElement": <body>
    <div>
      <div
        class="UserCell__Card-sc-1lznl0l-0 jPkKlV"
        data-selector-id="USER_CELL_CONTAINER_0"
      >
        <div
          class="UserCell__CardContent-sc-1lznl0l-1 jgliMZ"
          data-selector-id="USER_CELL_CONTENT"
        >
          <img
            class="UserCell__Avatar-sc-1lznl0l-2 trjPI"
            data-selector-id="USER_CELL_AVATAR"
            src="https://randomuser.me/api/portraits/thumb/men/29.jpg"
          />
          <h2
            class="UserCell__Name-sc-1lznl0l-3 EBjpy"
            data-selector-id="USER_CELL_NAME"
          >
            Mario Sanchez
          </h2>
          <div
            class="UserCell__Info-sc-1lznl0l-4 dOQZzn"
          >
            <span
              class="UserCell__Text-sc-1lznl0l-5 fxqfUb"
              data-selector-id="USER_CELL_NATIONALITY"
            >
              (ES)
            </span>
            <span
              class="UserCell__Text-sc-1lznl0l-5 fxqfUb"
              data-selector-id="USER_CELL_USERNAME"
            >
              ticklishleopard646
            </span>
            <span
              class="UserCell__Text-sc-1lznl0l-5 fxqfUb"
              data-selector-id="USER_CELL_EMAIL"
            >
              mario.sanchez@example.com
            </span>
          </div>
        </div>
      </div>
    </div>
  </body>,
  "container": <div>
    <div
      class="UserCell__Card-sc-1lznl0l-0 jPkKlV"
      data-selector-id="USER_CELL_CONTAINER_0"
    >
      <div
        class="UserCell__CardContent-sc-1lznl0l-1 jgliMZ"
        data-selector-id="USER_CELL_CONTENT"
      >
        <img
          class="UserCell__Avatar-sc-1lznl0l-2 trjPI"
          data-selector-id="USER_CELL_AVATAR"
          src="https://randomuser.me/api/portraits/thumb/men/29.jpg"
        />
        <h2
          class="UserCell__Name-sc-1lznl0l-3 EBjpy"
          data-selector-id="USER_CELL_NAME"
        >
          Mario Sanchez
        </h2>
        <div
          class="UserCell__Info-sc-1lznl0l-4 dOQZzn"
        >
          <span
            class="UserCell__Text-sc-1lznl0l-5 fxqfUb"
            data-selector-id="USER_CELL_NATIONALITY"
          >
            (ES)
          </span>
          <span
            class="UserCell__Text-sc-1lznl0l-5 fxqfUb"
            data-selector-id="USER_CELL_USERNAME"
          >
            ticklishleopard646
          </span>
          <span
            class="UserCell__Text-sc-1lznl0l-5 fxqfUb"
            data-selector-id="USER_CELL_EMAIL"
          >
            mario.sanchez@example.com
          </span>
        </div>
      </div>
    </div>
  </div>,
  "debug": [Function],
  "findAllByAltText": [Function],
  "findAllByDisplayValue": [Function],
  "findAllByLabelText": [Function],
  "findAllByPlaceholderText": [Function],
  "findAllByRole": [Function],
  "findAllByTestId": [Function],
  "findAllByText": [Function],
  "findAllByTitle": [Function],
  "findByAltText": [Function],
  "findByDisplayValue": [Function],
  "findByLabelText": [Function],
  "findByPlaceholderText": [Function],
  "findByRole": [Function],
  "findByTestId": [Function],
  "findByText": [Function],
  "findByTitle": [Function],
  "getAllByAltText": [Function],
  "getAllByDisplayValue": [Function],
  "getAllByLabelText": [Function],
  "getAllByPlaceholderText": [Function],
  "getAllByRole": [Function],
  "getAllByTestId": [Function],
  "getAllByText": [Function],
  "getAllByTitle": [Function],
  "getByAltText": [Function],
  "getByDisplayValue": [Function],
  "getByLabelText": [Function],
  "getByPlaceholderText": [Function],
  "getByRole": [Function],
  "getByTestId": [Function],
  "getByText": [Function],
  "getByTitle": [Function],
  "queryAllByAltText": [Function],
  "queryAllByDisplayValue": [Function],
  "queryAllByLabelText": [Function],
  "queryAllByPlaceholderText": [Function],
  "queryAllByRole": [Function],
  "queryAllByTestId": [Function],
  "queryAllByText": [Function],
  "queryAllByTitle": [Function],
  "queryByAltText": [Function],
  "queryByDisplayValue": [Function],
  "queryByLabelText": [Function],
  "queryByPlaceholderText": [Function],
  "queryByRole": [Function],
  "queryByTestId": [Function],
  "queryByText": [Function],
  "queryByTitle": [Function],
  "rerender": [Function],
  "unmount": [Function],
}
`;
